{"epoch": 1.0, "train_loss": 0.8771667845665463, "validation_loss": 0.8432507885826959}
{"epoch": 2.0, "train_loss": 0.8575991967367748, "validation_loss": 0.8430396437644958}
{"epoch": 3.0, "train_loss": 0.8439270976989989, "validation_loss": 0.8391103863716125}
{"epoch": 4.0, "train_loss": 0.8389448222659883, "validation_loss": 0.8282456066873338}
{"epoch": 5.0, "train_loss": 0.8324794159995185, "validation_loss": 0.8148306568463644}
{"epoch": 6.0, "train_loss": 0.8108744072535682, "validation_loss": 0.8072471406724718}
{"epoch": 7.0, "train_loss": 0.7814072987389943, "validation_loss": 0.741044467025333}
{"epoch": 8.0, "train_loss": 0.6790957577644833, "validation_loss": 0.5982681433359782}
{"epoch": 9.0, "train_loss": 0.533400729535118, "validation_loss": 0.44070469074779084}
{"epoch": 10.0, "train_loss": 0.34856511411212737, "validation_loss": 0.2646202120516035}
{"epoch": 11.0, "train_loss": 0.20355058813851978, "validation_loss": 0.15509974973069296}
{"epoch": 12.0, "train_loss": 0.12647284223210245, "validation_loss": 0.10628330782055855}
{"epoch": 13.0, "train_loss": 0.07930923890736367, "validation_loss": 0.05513825631803936}
{"epoch": 14.0, "train_loss": 0.04914847054770068, "validation_loss": 0.033172418632441095}
{"epoch": 15.0, "train_loss": 0.03193163371807526, "validation_loss": 0.04435628855393992}
{"epoch": 16.0, "train_loss": 0.02741445414426308, "validation_loss": 0.0172970923077729}
{"epoch": 17.0, "train_loss": 0.019597881772215404, "validation_loss": 0.018552799419396453}
{"epoch": 18.0, "train_loss": 0.015083151423032322, "validation_loss": 0.010570697683013148}
{"epoch": 19.0, "train_loss": 0.010484176608068602, "validation_loss": 0.008644684062649807}
{"epoch": 20.0, "train_loss": 0.008595416499745278, "validation_loss": 0.007240270999156766}
{"epoch": 21.0, "train_loss": 0.007267867250456696, "validation_loss": 0.00618110459504856}
{"epoch": 22.0, "train_loss": 0.006225966174332869, "validation_loss": 0.005457564184649123}
{"epoch": 23.0, "train_loss": 0.005284774489700795, "validation_loss": 0.004759587668296364}
{"epoch": 24.0, "train_loss": 0.004655993338082991, "validation_loss": 0.004123485600575805}
{"epoch": 25.0, "train_loss": 0.004163872098018016, "validation_loss": 0.0036760867004179292}
{"epoch": 26.0, "train_loss": 0.003661455629423024, "validation_loss": 0.0034258391863356036}
{"epoch": 27.0, "train_loss": 0.0033042810605986724, "validation_loss": 0.003120301922576295}
{"epoch": 28.0, "train_loss": 0.003081048127736837, "validation_loss": 0.0027799554738319582}
{"epoch": 29.0, "train_loss": 0.0027706151665557945, "validation_loss": 0.0025069671838233868}
{"epoch": 30.0, "train_loss": 0.002479654898689616, "validation_loss": 0.0022731649844596785}
{"epoch": 31.0, "train_loss": 0.002317162856666578, "validation_loss": 0.002238370400543014}
{"epoch": 32.0, "train_loss": 0.0021387959645676707, "validation_loss": 0.0019566243229847814}
{"epoch": 33.0, "train_loss": 0.0020057704953831577, "validation_loss": 0.0018098711191366116}
{"epoch": 34.0, "train_loss": 0.0018363254743495158, "validation_loss": 0.0017149849898285335}
{"epoch": 35.0, "train_loss": 0.0016675706357798642, "validation_loss": 0.0015853774164699846}
{"epoch": 36.0, "train_loss": 0.0015944727666912571, "validation_loss": 0.0015026836009282205}
{"epoch": 37.0, "train_loss": 0.0014766739991803964, "validation_loss": 0.0013914369874530369}
{"epoch": 38.0, "train_loss": 0.0013848707952078374, "validation_loss": 0.00133637104752577}
{"epoch": 39.0, "train_loss": 0.0013198414436792808, "validation_loss": 0.001277614816919797}
{"epoch": 40.0, "train_loss": 0.0012506479626551033, "validation_loss": 0.0011756127363898687}
{
  "dataset_fingerprint": "ae9204577492751f2f04c2c28472ca656c5fabcc929cceb39b041b82b3b02fab",
  "train_examples": 1260,
  "validation_examples": 180,
  "calibration_examples": 180,
  "test_examples": 180,
  "test_accuracy": 1.0,
  "test_nll": 0.0013154603075236082,
  "test_brier": 6.725937964802142e-06,
  "test_ece": 0.001313328742980957,
  "untrained": {
    "count": 180,
    "accuracy": 0.4166666567325592,
    "nll": 0.949261486530304,
    "brier": 0.5983796715736389,
    "ece": 0.09208457943055759
  },
  "majority_baseline": {
    "accuracy": 0.5222222222222223,
    "by_type": {
      "choice": {
        "label": "review",
        "count": 60,
        "accuracy": 0.7333333333333333
      },
      "noul": {
        "label": true,
        "count": 60,
        "accuracy": 0.5166666666666667
      },
      "score": {
        "label": 1,
        "count": 60,
        "accuracy": 0.31666666666666665
      }
    }
  },
  "by_type": {
    "choice": {
      "count": 60,
      "accuracy": 1.0,
      "nll": 0.0005997093976475298,
      "brier": 1.2991264384254464e-06,
      "ece": 0.0005994439125061035
    },
    "noul": {
      "count": 60,
      "accuracy": 1.0,
      "nll": 0.0004913914599455893,
      "brier": 6.74276918743999e-07,
      "ece": 0.0004912018775939941
    },
    "score": {
      "count": 60,
      "accuracy": 1.0,
      "nll": 0.0028552806470543146,
      "brier": 1.8204411389888264e-05,
      "ece": 0.002849280834197998,
      "score_mae": 0.0037567745037184372
    }
  },
  "device": "cuda",
  "gpu_name": "NVIDIA H800",
  "peak_allocated_bytes": 75869184,
  "parameter_count": 12225,
  "training_seconds": 24.933961387723684,
  "selected_epoch": 40,
  "reload_max_abs_error": 0.0
}
